// Jest Snapshot v1, https://goo.gl/fbAQLP

exports[`Header matches snapshot 1`] = `
<div
  className="StyledBox-sc-13pk1d4-0 cCFlWA"
>
  <div
    className="StyledBox-sc-13pk1d4-0 bFwQzJ"
  >
    <h1
      className="StyledHeading-sc-1rdh4aw-0 kXGHwd"
      size="large"
    >
      Melbourne
    </h1>
    <div
      className="StyledBox__StyledBoxGap-sc-13pk1d4-1 fLIXsc"
    />
    <span
      className="StyledText-sc-1sadyjn-0 hUokoe"
    >
      Thursday, August 13th
    </span>
    <div
      className="StyledBox__StyledBoxGap-sc-13pk1d4-1 fLIXsc"
    />
    <span
      className="StyledText-sc-1sadyjn-0 hUokoe"
    >
      Clear
    </span>
  </div>
  <div
    className="StyledBox__StyledBoxGap-sc-13pk1d4-1 cPQeYT"
  />
  <div
    className="StyledBox-sc-13pk1d4-0 ANZcC"
  >
    <div
      className="StyledBox-sc-13pk1d4-0 bIdaiR"
    >
      <button
        className="StyledButton-sc-323bzc-0 kphDHx"
        id="c"
        onBlur={[Function]}
        onClick={[Function]}
        onFocus={[Function]}
        onMouseOut={[Function]}
        onMouseOver={[Function]}
        type="button"
      >
        °C
      </button>
      <div
        className="StyledBox__StyledBoxGap-sc-13pk1d4-1 ffjnxm"
      />
      <button
        className="StyledButton-sc-323bzc-0 kFNfEv"
        id="f"
        onBlur={[Function]}
        onClick={[Function]}
        onFocus={[Function]}
        onMouseOut={[Function]}
        onMouseOver={[Function]}
        type="button"
      >
        °F
      </button>
    </div>
  </div>
</div>
`;
